C:\Users\哮天犬zz>date
当前日期: 2022/05/22 周日
输入新日期: (年月日)

C:\Users\哮天犬zz>time
当前时间: 17:47:01.63
输入新时间:

--------------------------------------------------------------------------------------------------------------------------------------------------------------------------
--------------------------------------------------------------------------------------------------------------------------------------------------------------------------
C:\Users\哮天犬zz>systeminfo

主机名:           DESKTOP-5A4F3KE
OS 名称:          Microsoft Windows 10 家庭中文版
OS 版本:          10.0.19044 暂缺 Build 19044
OS 制造商:        Microsoft Corporation
OS 配置:          独立工作站
OS 构建类型:      Multiprocessor Free
注册的所有人:     哮天犬zz
注册的组织:       HP
产品 ID:          00342-35510-54173-AAOEM
初始安装日期:     2021/3/16, 12:35:34
系统启动时间:     2022/5/16, 16:06:06
系统制造商:       HP
系统型号:         HP ENVY x360 Convertible 15-dr1xxx
系统类型:         x64-based PC
处理器:           安装了 1 个处理器。
                  [01]: Intel64 Family 6 Model 142 Stepping 12 GenuineIntel ~1609 Mhz
BIOS 版本:        Insyde F.05, 2019/11/28
Windows 目录:     C:\WINDOWS
系统目录:         C:\WINDOWS\system32
启动设备:         \Device\HarddiskVolume1
系统区域设置:     zh-cn;中文(中国)
输入法区域设置:   zh-cn;中文(中国)
时区:             (UTC+08:00) 北京，重庆，香港特别行政区，乌鲁木齐
物理内存总量:     7,947 MB
可用的物理内存:   2,637 MB
虚拟内存: 最大值: 20,747 MB
虚拟内存: 可用:   8,434 MB
虚拟内存: 使用中: 12,313 MB
页面文件位置:     C:\pagefile.sys
域:               WORKGROUP
登录服务器:       \\DESKTOP-5A4F3KE
修补程序:         安装了 14 个修补程序。
                  [01]: KB5013624
                  [02]: KB4562830
                  [03]: KB4577586
                  [04]: KB4580325
                  [05]: KB4589212
                  [06]: KB5003791
                  [07]: KB5008575
                  [08]: KB5013942
                  [09]: KB5006753
                  [10]: KB5007273
                  [11]: KB5011352
                  [12]: KB5011651
                  [13]: KB5014032
                  [14]: KB5005699
网卡:             安装了 6 个 NIC。
                  [01]: Sangfor SSL VPN CS Support System VNIC
                      连接名:      以太网
                      状态:        媒体连接已中断
                  [02]: Intel(R) Wireless-AC 9560 160MHz
                      连接名:      WLAN
                      启用 DHCP:   是
                      DHCP 服务器: 10.203.128.1
                      IP 地址
                        [01]: 10.203.192.150
                        [02]: fe80::7d49:d065:2809:94cc
                        [03]: 2001:da8:1002:6004::1:773c
                  [03]: Bluetooth Device (Personal Area Network)
                      连接名:      蓝牙网络连接
                      状态:        媒体连接已中断
                  [04]: VirtualBox Host-Only Ethernet Adapter
                      连接名:      VirtualBox Host-Only Network
                      启用 DHCP:   否
                      IP 地址
                        [01]: 192.168.56.1
                        [02]: fe80::8cf8:c93d:7477:9b6b
                  [05]: VMware Virtual Ethernet Adapter for VMnet1
                      连接名:      VMware Network Adapter VMnet1
                      启用 DHCP:   是
                      DHCP 服务器: 192.168.44.254
                      IP 地址
                        [01]: 169.254.49.249
                        [02]: fe80::f995:43da:c01:31f9
                  [06]: VMware Virtual Ethernet Adapter for VMnet8
                      连接名:      以太网 3
                      启用 DHCP:   是
                      DHCP 服务器: 192.168.6.254
                      IP 地址
                        [01]: 169.254.15.150
                        [02]: fe80::4c4a:fd7c:6731:f96
Hyper-V 要求:     虚拟机监视器模式扩展: 是
                  固件中已启用虚拟化: 是
                  二级地址转换: 是
                  数据执行保护可用: 是
                  
                  
                 
                 

--------------------------------------------------------------------------------------------------------------------------------------------------------------------------
--------------------------------------------------------------------------------------------------------------------------------------------------------------------------

C:\Users\哮天犬zz>ipconfig /all

Windows IP 配置

   主机名  . . . . . . . . . . . . . : DESKTOP-5A4F3KE
   主 DNS 后缀 . . . . . . . . . . . :
   节点类型  . . . . . . . . . . . . : 混合
   IP 路由已启用 . . . . . . . . . . : 否
   WINS 代理已启用 . . . . . . . . . : 否

以太网适配器 VirtualBox Host-Only Network:

   连接特定的 DNS 后缀 . . . . . . . :
   描述. . . . . . . . . . . . . . . : VirtualBox Host-Only Ethernet Adapter
   物理地址. . . . . . . . . . . . . : 0A-00-27-00-00-09
   DHCP 已启用 . . . . . . . . . . . : 否
   自动配置已启用. . . . . . . . . . : 是
   本地链接 IPv6 地址. . . . . . . . : fe80::8cf8:c93d:7477:9b6b%9(首选)
   IPv4 地址 . . . . . . . . . . . . : 192.168.56.1(首选)
   子网掩码  . . . . . . . . . . . . : 255.255.255.0
   默认网关. . . . . . . . . . . . . :
   DHCPv6 IAID . . . . . . . . . . . : 839516199
   DHCPv6 客户端 DUID  . . . . . . . : 00-01-00-01-27-E2-2E-55-40-74-E0-25-A3-28
   DNS 服务器  . . . . . . . . . . . : fec0:0:0:ffff::1%1
                                       fec0:0:0:ffff::2%1
                                       fec0:0:0:ffff::3%1
   TCPIP 上的 NetBIOS  . . . . . . . : 已启用

以太网适配器 VMware Network Adapter VMnet1:

   连接特定的 DNS 后缀 . . . . . . . :
   描述. . . . . . . . . . . . . . . : VMware Virtual Ethernet Adapter for VMnet1
   物理地址. . . . . . . . . . . . . : 00-50-56-C0-00-01
   DHCP 已启用 . . . . . . . . . . . : 是
   自动配置已启用. . . . . . . . . . : 是
   本地链接 IPv6 地址. . . . . . . . : fe80::f995:43da:c01:31f9%8(首选)
   自动配置 IPv4 地址  . . . . . . . : 169.254.49.249(首选)
   子网掩码  . . . . . . . . . . . . : 255.255.0.0
   默认网关. . . . . . . . . . . . . :
   DHCPv6 IAID . . . . . . . . . . . : 1006653526
   DHCPv6 客户端 DUID  . . . . . . . : 00-01-00-01-27-E2-2E-55-40-74-E0-25-A3-28
   DNS 服务器  . . . . . . . . . . . : fec0:0:0:ffff::1%1
                                       fec0:0:0:ffff::2%1
                                       fec0:0:0:ffff::3%1
   TCPIP 上的 NetBIOS  . . . . . . . : 已启用

以太网适配器 以太网 3:

   连接特定的 DNS 后缀 . . . . . . . :
   描述. . . . . . . . . . . . . . . : VMware Virtual Ethernet Adapter for VMnet8
   物理地址. . . . . . . . . . . . . : 00-50-56-C0-00-08
   DHCP 已启用 . . . . . . . . . . . : 是
   自动配置已启用. . . . . . . . . . : 是
   本地链接 IPv6 地址. . . . . . . . : fe80::4c4a:fd7c:6731:f96%11(首选)
   自动配置 IPv4 地址  . . . . . . . : 169.254.15.150(首选)
   子网掩码  . . . . . . . . . . . . : 255.255.0.0
   默认网关. . . . . . . . . . . . . :
   DHCPv6 IAID . . . . . . . . . . . : 1040207958
   DHCPv6 客户端 DUID  . . . . . . . : 00-01-00-01-27-E2-2E-55-40-74-E0-25-A3-28
   DNS 服务器  . . . . . . . . . . . : fec0:0:0:ffff::1%1
                                       fec0:0:0:ffff::2%1
                                       fec0:0:0:ffff::3%1
   主 WINS 服务器  . . . . . . . . . : 192.168.6.2
   TCPIP 上的 NetBIOS  . . . . . . . : 已启用

无线局域网适配器 本地连接* 1:

   媒体状态  . . . . . . . . . . . . : 媒体已断开连接
   连接特定的 DNS 后缀 . . . . . . . :
   描述. . . . . . . . . . . . . . . : Microsoft Wi-Fi Direct Virtual Adapter
   物理地址. . . . . . . . . . . . . : 40-74-E0-25-A3-29
   DHCP 已启用 . . . . . . . . . . . : 是
   自动配置已启用. . . . . . . . . . : 是

无线局域网适配器 WLAN:

   连接特定的 DNS 后缀 . . . . . . . :
   描述. . . . . . . . . . . . . . . : Intel(R) Wireless-AC 9560 160MHz
   物理地址. . . . . . . . . . . . . : 40-74-E0-25-A3-28
   DHCP 已启用 . . . . . . . . . . . : 是
   自动配置已启用. . . . . . . . . . : 是
   IPv6 地址 . . . . . . . . . . . . : 2001:da8:1002:6004::1:773c(首选)
   获得租约的时间  . . . . . . . . . : 2022年5月22日 17:43:03
   租约过期的时间  . . . . . . . . . : 2022年5月22日 18:18:02
   本地链接 IPv6 地址. . . . . . . . : fe80::7d49:d065:2809:94cc%15(首选)
   IPv4 地址 . . . . . . . . . . . . : 10.203.192.150(首选)
   子网掩码  . . . . . . . . . . . . : 255.255.128.0
   获得租约的时间  . . . . . . . . . : 2022年5月22日 17:43:01
   租约过期的时间  . . . . . . . . . : 2022年5月22日 18:13:01
   默认网关. . . . . . . . . . . . . : fe80::200:5eff:fe00:165%15
                                       10.203.128.1
   DHCP 服务器 . . . . . . . . . . . : 10.203.128.1
   DHCPv6 IAID . . . . . . . . . . . : 104887520
   DHCPv6 客户端 DUID  . . . . . . . : 00-01-00-01-27-E2-2E-55-40-74-E0-25-A3-28
   DNS 服务器  . . . . . . . . . . . : 10.80.128.28
                                       10.81.254.5
   TCPIP 上的 NetBIOS  . . . . . . . : 已启用

以太网适配器 以太网:

   媒体状态  . . . . . . . . . . . . : 媒体已断开连接
   连接特定的 DNS 后缀 . . . . . . . :
   描述. . . . . . . . . . . . . . . : Sangfor SSL VPN CS Support System VNIC
   物理地址. . . . . . . . . . . . . : 00-FF-AE-43-8A-20
   DHCP 已启用 . . . . . . . . . . . : 是
   自动配置已启用. . . . . . . . . . : 是

以太网适配器 蓝牙网络连接:

   媒体状态  . . . . . . . . . . . . : 媒体已断开连接
   连接特定的 DNS 后缀 . . . . . . . :
   描述. . . . . . . . . . . . . . . : Bluetooth Device (Personal Area Network)
   物理地址. . . . . . . . . . . . . : 40-74-E0-25-A3-2C
   DHCP 已启用 . . . . . . . . . . . : 是
   自动配置已启用. . . . . . . . . . : 是
   
   
   
--------------------------------------------------------------------------------------------------------------------------------------------------------------------------
------------------------------------------------------------------------------------------------------------------------------------------------------------------------

C:\Users\哮天犬zz>route print
===========================================================================
接口列表
  9...0a 00 27 00 00 09 ......VirtualBox Host-Only Ethernet Adapter
  8...00 50 56 c0 00 01 ......VMware Virtual Ethernet Adapter for VMnet1
 11...00 50 56 c0 00 08 ......VMware Virtual Ethernet Adapter for VMnet8
 21...40 74 e0 25 a3 29 ......Microsoft Wi-Fi Direct Virtual Adapter
 15...40 74 e0 25 a3 28 ......Intel(R) Wireless-AC 9560 160MHz
 19...00 ff ae 43 8a 20 ......Sangfor SSL VPN CS Support System VNIC
  6...40 74 e0 25 a3 2c ......Bluetooth Device (Personal Area Network)
  1...........................Software Loopback Interface 1
===========================================================================

IPv4 路由表
===========================================================================
活动路由:
网络目标        网络掩码          网关       接口   跃点数
          0.0.0.0          0.0.0.0     10.203.128.1   10.203.192.150     35
     10.203.128.0    255.255.128.0            在链路上    10.203.192.150    291
   10.203.192.150  255.255.255.255            在链路上    10.203.192.150    291
   10.203.255.255  255.255.255.255            在链路上    10.203.192.150    291
        127.0.0.0        255.0.0.0            在链路上         127.0.0.1    331
        127.0.0.1  255.255.255.255            在链路上         127.0.0.1    331
  127.255.255.255  255.255.255.255            在链路上         127.0.0.1    331
      169.254.0.0      255.255.0.0            在链路上    169.254.49.249    281
      169.254.0.0      255.255.0.0            在链路上    169.254.15.150    281
   169.254.15.150  255.255.255.255            在链路上    169.254.15.150    281
   169.254.49.249  255.255.255.255            在链路上    169.254.49.249    281
  169.254.255.255  255.255.255.255            在链路上    169.254.49.249    281
  169.254.255.255  255.255.255.255            在链路上    169.254.15.150    281
     192.168.56.0    255.255.255.0            在链路上      192.168.56.1    281
     192.168.56.1  255.255.255.255            在链路上      192.168.56.1    281
   192.168.56.255  255.255.255.255            在链路上      192.168.56.1    281
   202.119.23.198  255.255.255.255      10.208.64.1   10.203.192.150    252
        224.0.0.0        240.0.0.0            在链路上         127.0.0.1    331
        224.0.0.0        240.0.0.0            在链路上      192.168.56.1    281
        224.0.0.0        240.0.0.0            在链路上    10.203.192.150    291
        224.0.0.0        240.0.0.0            在链路上    169.254.49.249    281
        224.0.0.0        240.0.0.0            在链路上    169.254.15.150    281
  255.255.255.255  255.255.255.255            在链路上         127.0.0.1    331
  255.255.255.255  255.255.255.255            在链路上      192.168.56.1    281
  255.255.255.255  255.255.255.255            在链路上    10.203.192.150    291
  255.255.255.255  255.255.255.255            在链路上    169.254.49.249    281
  255.255.255.255  255.255.255.255            在链路上    169.254.15.150    281
===========================================================================
永久路由:
  无

IPv6 路由表
===========================================================================
活动路由:
 接口跃点数网络目标                网关
 15    291 ::/0                     fe80::200:5eff:fe00:165
  1    331 ::1/128                  在链路上
 15    291 2001:da8:1002:6004::1:773c/128
                                    在链路上
  9    281 fe80::/64                在链路上
 15    291 fe80::/64                在链路上
  8    281 fe80::/64                在链路上
 11    281 fe80::/64                在链路上
 11    281 fe80::4c4a:fd7c:6731:f96/128
                                    在链路上
 15    291 fe80::7d49:d065:2809:94cc/128
                                    在链路上
  9    281 fe80::8cf8:c93d:7477:9b6b/128
                                    在链路上
  8    281 fe80::f995:43da:c01:31f9/128
                                    在链路上
  1    331 ff00::/8                 在链路上
  9    281 ff00::/8                 在链路上
 15    291 ff00::/8                 在链路上
  8    281 ff00::/8                 在链路上
 11    281 ff00::/8                 在链路上
===========================================================================
永久路由:
  无




--------------------------------------------------------------------------------------------------------------------------------------------------------------------------
------------------------------------------------------------------------------------------------------------------------------------------------------------------------
C:\Users\哮天犬zz>arp -a

接口: 169.254.49.249 --- 0x8
  Internet 地址         物理地址              类型
  169.254.255.255       ff-ff-ff-ff-ff-ff     静态
  224.0.0.22            01-00-5e-00-00-16     静态
  224.0.0.251           01-00-5e-00-00-fb     静态
  224.0.0.252           01-00-5e-00-00-fc     静态
  239.255.255.250       01-00-5e-7f-ff-fa     静态
  255.255.255.255       ff-ff-ff-ff-ff-ff     静态

接口: 192.168.56.1 --- 0x9
  Internet 地址         物理地址              类型
  192.168.56.255        ff-ff-ff-ff-ff-ff     静态
  224.0.0.22            01-00-5e-00-00-16     静态
  224.0.0.251           01-00-5e-00-00-fb     静态
  224.0.0.252           01-00-5e-00-00-fc     静态
  239.255.255.250       01-00-5e-7f-ff-fa     静态
  255.255.255.255       ff-ff-ff-ff-ff-ff     静态

接口: 169.254.15.150 --- 0xb
  Internet 地址         物理地址              类型
  169.254.255.255       ff-ff-ff-ff-ff-ff     静态
  224.0.0.22            01-00-5e-00-00-16     静态
  224.0.0.251           01-00-5e-00-00-fb     静态
  224.0.0.252           01-00-5e-00-00-fc     静态
  239.255.255.250       01-00-5e-7f-ff-fa     静态
  255.255.255.255       ff-ff-ff-ff-ff-ff     静态

接口: 10.203.192.150 --- 0xf
  Internet 地址         物理地址              类型
  10.203.128.1          00-00-5e-00-01-65     动态
  10.203.255.255        ff-ff-ff-ff-ff-ff     静态
  224.0.0.22            01-00-5e-00-00-16     静态
  224.0.0.251           01-00-5e-00-00-fb     静态
  224.0.0.252           01-00-5e-00-00-fc     静态
  239.255.255.250       01-00-5e-7f-ff-fa     静态
  255.255.255.255       ff-ff-ff-ff-ff-ff     静态




--------------------------------------------------------------------------------------------------------------------------------------------------------------------------
------------------------------------------------------------------------------------------------------------------------------------------------------------------------
C:\Users\哮天犬zz>pslist.exe

PsList v1.4 - Process information lister
Copyright (C) 2000-2016 Mark Russinovich
Sysinternals - www.sysinternals.com

Process information for PC-20170913CCRI:

Name                Pid Pri Thd  Hnd   Priv        CPU Time    Elapsed Time
Idle                  0   0   4    0     60     5:50:20.812     2:24:55.085
System                4   8 213 7363    192     0:07:35.890     2:24:55.085
Registry            100   8   4    0  17864     0:00:06.796     2:24:58.855
smss                432  11   2   53   1072     0:00:00.375     2:24:55.070
csrss               692  13  12  738   1944     0:00:05.843     2:24:40.556
wininit             796  13   1  165   1392     0:00:00.125     2:24:37.737
csrss               804  13  16  795   2896     0:00:42.468     2:24:37.731
services            872   9   8  728   5876     0:00:14.421     2:24:37.562
lsass               892   9  10 1489   9200     0:00:06.640     2:24:37.447
svchost            1004   8  23 1407  11456     0:00:10.437     2:24:36.966
fontdrvhost         320   8   5   36   2016     0:00:00.140     2:24:36.912
svchost             616   8  12 1285   7584     0:00:21.562     2:24:36.558
svchost             944   8   6  311   2688     0:00:01.000     2:24:36.505
winlogon           1064  13   7  275   2984     0:00:00.281     2:24:35.378
fontdrvhost        1124   8   5   36   7532     0:00:13.296     2:24:35.334
dwm                1204  13  16 1373 148240     0:20:38.859     2:24:35.213
svchost            1316   8   3  160   1948     0:00:00.218     2:24:35.139
svchost            1324   8   3  178   2144     0:00:00.234     2:24:35.136
svchost            1328   8   5  239   2808     0:00:00.187     2:24:35.136
svchost            1380   8   3  234   1964     0:00:00.109     2:24:35.120
svchost            1392   8   4  251   2444     0:00:00.140     2:24:35.112
svchost            1584   8   7  403   5960     0:00:04.562     2:24:35.026
IntelCpHDCPSvc     1616   8   3  151   1456     0:00:00.046     2:24:35.002
svchost            1668   8   4  259   3512     0:00:01.562     2:24:34.971
svchost            1688   8  12  340   2724     0:00:00.078     2:24:34.960
svchost            1840   8   3  170   1580     0:00:01.218     2:24:34.883
svchost            1892   8   8  420  14520     0:00:01.812     2:24:34.865
IntelCpHeciSvc     2044   8   3  132   1392     0:00:00.031     2:24:34.794
svchost             808   8   7  255   2644     0:00:01.328     2:24:34.794
svchost            2144   8   5  150   4280     0:00:00.375     2:24:34.711
svchost            2336   8   2  121   1484     0:00:00.046     2:24:34.548
svchost            2380   8   2  206   2112     0:00:00.750     2:24:34.513
svchost            2392   8   8  231   2416     0:00:03.203     2:24:34.509
svchost            2484   8   3  229   2476     0:00:00.453     2:24:34.434
svchost            2520   8   7  191   7092     0:00:06.406     2:24:34.399
dasHost            2744   8   2  345   3408     0:00:00.296     2:24:34.243
svchost            2840   8  10  405   4916     0:00:03.843     2:24:34.181
NVDisplay.Container  2896   8   9  347   7676     0:00:00.921     2:24:34.069
svchost            3052   8   7  388   2800     0:00:00.968     2:24:33.878
QQPCRTP            1656   8 118 1230 102248     0:02:44.968     2:24:33.790
qmbsrv             2000   8   2  134   1144     0:00:00.046     2:24:33.747
svchost            3144   8   7  163   2156     0:00:02.140     2:24:33.399
NVDisplay.Container  3276   8  33  704  37916     0:00:07.187     2:24:33.008
svchost            3292   8  14  485  12156     0:01:20.609     2:24:32.973
svchost            3508   8   5  175   1996     0:00:00.109     2:24:32.839
svchost            3644   8   5  225   2824     0:00:20.734     2:24:32.744
svchost            3652   8   2  177   1924     0:00:00.140     2:24:32.742
svchost            3668   8   3  219   1320     0:00:00.078     2:24:32.737
igfxCUIService     3800   8   2  182   1876     0:00:00.031     2:24:32.678
Memory Compression  3828   8  30    0   1612     0:00:28.734     2:24:32.656
svchost            3976   8   3  222   2272     0:00:01.750     2:24:32.581
svchost            4044   8   7  213   2100     0:00:00.109     2:24:32.498
WmiPrvSE           3004   8   6  238   3816     0:00:00.671     2:24:32.344
svchost            2728   8  14  510   4692     0:00:07.250     2:24:31.135
svchost            3468   8  13  293   3752     0:00:44.953     2:24:31.101
svchost            4160   8  15  431  14180     0:00:04.203     2:24:30.804
RtkAudioService64  4428   8   3  239   1764     0:00:00.125     2:24:30.577
RAVBg64            4680   8   4  321   5876     0:00:00.609     2:24:30.012
svchost            4708   8   4  143   1732     0:00:00.125     2:24:29.942
svchost            4716   8   9  382   2804     0:00:00.203     2:24:29.938
svchost            4772   8   6  210   2464     0:00:00.187     2:24:29.868
svchost            4900   8   5  190   2116     0:00:02.875     2:24:29.727
svchost            4988   8  12  515   6448     0:00:01.156     2:24:29.589
svchost            4996   8   5  370   2928     0:00:00.484     2:24:29.584
svchost            5068   8   4  208   2700     0:00:00.453     2:24:29.531
spoolsv            4012   8   7  458   6104     0:00:00.593     2:24:29.399
svchost            4120   8   5  187   2072     0:00:00.093     2:24:29.226
svchost            4212   8   2  113   1276     0:00:00.031     2:24:29.168
svchost            4136   8   6  262   3680     0:00:00.500     2:24:29.166
svchost            4268   8  18  376  32424     0:00:19.875     2:24:29.158
svchost            3944   8  13  545  18428     0:00:08.718     2:24:29.153
EvtEng             4488   8  20  358   4948     0:00:00.453     2:24:29.140
esif_uf            4440  13   6  140   2080     0:00:08.140     2:24:29.138
jhi_service        5128   8   2  140   1320     0:00:00.031     2:24:29.104
QQProtect          5208   8  11  436  16080     0:00:10.421     2:24:29.060
svchost            5236   8   2  133   1624     0:00:00.062     2:24:29.047
SangforPromoteService  5288   8  14  442   6560     0:01:13.859     2:24:29.033
SangforPWEx        5296   8   6  212   3132     0:00:00.453     2:24:29.025
SecoClientPromoteService  5304   8   5  120  34780     0:00:07.984     2:24:29.015
SystemWebServer    5320   8   8  288   6392     0:00:21.640     2:24:29.013
svchost            5380   8   5  188   2336     0:00:00.359     2:24:28.977
vmware-authd       5392   8   4  221   6452     0:00:00.218     2:24:28.975
vmnetdhcp          5408   8   2   85   7768     0:00:00.031     2:24:28.964
sqlwriter          5416   8   2  142   1864     0:00:00.031     2:24:28.963
svchost            5452   8   3  152   1296     0:00:00.015     2:24:28.945
svchost            5500   8   8  386   4632     0:00:00.484     2:24:28.921
svchost            5512   8   4  106   1364     0:00:00.078     2:24:28.912
WavesSysSvc64      5520   8   1  209   3064     0:00:00.093     2:24:28.896
vmnat              5556   8   4  129   2024     0:00:00.718     2:24:28.890
vmware-usbarbitrator64  5564   8   3  230   2900     0:00:01.031     2:24:28.886
ZeroConfigService  5596   8  14  337   4712     0:00:01.343     2:24:28.856
wlanext            5636   8   9  356   3608     0:00:00.484     2:24:28.836
conhost            5840   8   2  102   6212     0:00:00.046     2:24:28.598
sqlceip            5868   6  11  550  33504     0:00:06.000     2:24:28.534
svchost            5920   8  13  395   3520     0:00:00.765     2:24:28.400
sqlceip            5932   6  11  538  34612     0:00:04.359     2:24:28.390
vmware-hostd       6224   8  17  436  36952     0:00:06.046     2:24:27.547
unsecapp           6388   8   4  132   1656     0:00:00.265     2:24:27.235
svchost            7368   8   8  204   2576     0:00:00.359     2:24:20.347
MoUsoCoreWorker    7436   8   7  294   8468     0:00:03.265     2:24:20.222
svchost            7480   8   4  112   1344     0:00:00.015     2:24:20.179
SangforUDProtectEx  8112   8   6  203   4788     0:00:26.375     2:24:16.866
sihost             7212   8  18  637   6608     0:00:03.171     2:24:16.617
svchost            1368   8  13  367  10684     0:00:18.703     2:24:16.562
svchost            1264   8   2  158   1716     0:00:00.312     2:24:16.557
svchost            1276   8   5  502   8600     0:00:01.921     2:24:16.513
PresentationFontCache  5164   8   4  246  26444     0:00:00.328     2:24:16.476
ECAgent            7576   8  16  487   8100     0:00:33.359     2:24:16.390
taskhostw          7740   8  10  324   8428     0:00:02.875     2:24:16.360
svchost            6916   8  11  300   3972     0:00:02.734     2:24:16.316
svchost            7792   8   4  168   1852     0:00:00.093     2:24:16.110
ctfmon             7344  13  14  892  14652     0:00:37.109     2:24:15.880
igfxEM             8312   8   5  364   5204     0:00:01.468     2:24:15.084
svchost            8412   8   7  350   4928     0:00:00.421     2:24:14.874
ChsIME             8488   8   2  139   1464     0:00:00.015     2:24:14.675
explorer           8524   8 102 3455 143356     0:03:29.171     2:24:14.597
QQPCTray           8592   8 141 2228 175752     0:08:58.062     2:24:14.453
SettingSyncHost    8628   6   4  537   6100     0:00:03.031     2:24:14.366
svchost            6712   8  15  334   4396     0:00:05.171     2:24:11.775
StartMenuExperienceHost  9320   8   8  651  27852     0:00:02.343     2:24:08.364
RuntimeBroker      9480   8   2  281   6348     0:00:00.812     2:24:08.039
SearchApp          9592   8  30 1099  94956     0:00:05.906     2:24:07.589
SearchIndexer      9648   8  16  780  35856     0:00:15.687     2:24:07.489
RuntimeBroker      9956   8  16  537   8568     0:00:01.828     2:24:06.976
TextInputHost      2188   8  21  815  17652     0:00:12.093     2:24:05.718
RuntimeBroker     10408   8   3  358   7068     0:00:03.593     2:24:04.261
svchost           10632   8   5  296   2776     0:00:00.312     2:23:58.456
SecurityHealthSystray 11244   8   1  167   1868     0:00:00.156     2:23:55.952
SecurityHealthService 11032   8   9  409   3864     0:00:00.640     2:23:55.806
RtkNGUI64         11296   8   6  435   4616     0:00:01.140     2:23:55.462
RAVBg64           11432   8   4  326   4552     0:00:00.875     2:23:54.994
WavesSvc64        11592   8   2  417   5968     0:00:01.375     2:23:54.181
svchost           11852   8  10  259   5016     0:00:00.125     2:23:52.904
svchost           11964   8   3  160   1872     0:00:00.140     2:23:52.215
msedge            12260   8  53 2713 163428     0:13:07.828     2:23:51.237
msedge            11740   8   8  293   2040     0:00:00.078     2:23:50.845
msedge            11660  10  20 1505 348744     0:42:26.406     2:23:49.675
msedge            11996   8  16  472  20416     0:02:23.453     2:23:49.652
msedge            12148   8   9  240   9956     0:00:02.765     2:23:49.509
msedge             4020   8  15  259  25488     0:00:16.781     2:23:49.145
msedge            12336   8  15  267  18940     0:00:00.796     2:23:48.537
msedge            12668   8  15  267  19792     0:00:00.718     2:23:46.829
msedge            12680   8  15  266  17048     0:00:00.375     2:23:46.698
msedge            12724   4  16  361  84852     0:01:31.062     2:23:46.387
ApplicationFrameHost 13248   8   3  429  13424     0:00:00.578     2:23:30.383
svchost           11552   8   3  135   1720     0:00:00.062     2:23:29.645
msedge             9532   4  17  458 906280     0:36:18.843     2:23:08.190
msedge             8456   8   9  283   8280     0:00:00.406     2:22:49.399
SystemSettings     2560   8  20  765  25108     0:00:01.156     2:22:25.212
MicrosoftEdgeUpdate 11932   4   4  216   2064     0:00:00.109     2:22:20.021
SgrmBroker        12228   8   7  105   4448     0:00:01.656     2:22:19.725
svchost            7860   8   2  214   2560     0:00:00.140     2:22:19.288
svchost            7720   8   8  233   2868     0:00:00.250     2:22:19.136
svchost            7616   8   2  249   2852     0:00:00.125     2:22:18.980
svchost           13212   8   5  174   2256     0:00:00.156     2:22:17.081
Calculator          836   8  21  580  25064     0:00:01.515     2:22:14.424
RuntimeBroker     12748   8   1  119   1600     0:00:00.046     2:22:13.815
svchost            4908   8   6  164   2452     0:00:01.000     2:14:35.229
SearchApp          9124   8  21  886  20384     0:00:00.906     2:11:41.599
msedge             9508   8  12  302   8356     0:00:29.531     2:11:11.215
ShellExperienceHost  1236   8  20  685  15440     0:00:01.218     2:09:55.792
RuntimeBroker      5628   8  10  331   6364     0:00:00.921     2:09:55.281
SogouCloud         3624   8  21  552  13940     0:01:50.765     1:55:52.019
msedge            12704   4  17  507 107276     0:01:06.703     1:25:02.363
msedge             9604   4  18  478  85072     0:00:57.046     1:22:19.638
msedge             8304   8   8  217   8788     0:00:00.718     1:22:12.946
msedge             2816   4  16  433  57944     0:00:11.812     1:20:49.438
msedge             2588   4  15  236  13400     0:00:00.218     0:58:54.200
QQ                 7120   8  76 1565 230284     0:05:46.906     0:58:48.081
TXPlatform         8420   8   2  198   4044     0:00:00.093     0:58:37.134
QQApp             10596   8  20  291  15764     0:00:01.203     0:57:37.159
wps                2668   8  64 1313 232556     0:01:03.765     0:57:27.767
wpspdf             8656   8  45 1021 173084     0:04:09.421     0:57:25.757
WmiPrvSE          11504   8   8  321   6204     0:00:34.468     0:57:22.372
wpscloudsvr        9464   8 109 1431 170920     0:03:15.937     0:57:17.625
YoudaoDict         4960   8  42 1229  47820     0:01:12.796     0:50:16.873
YoudaoDictHelper   1352   8  11  232  30156     0:00:01.515     0:50:13.301
promecefpluginhost  9736  10  10  608  83772     0:00:02.093     0:47:16.326
promecefpluginhost 13040   8  11  452 120032     0:00:01.156     0:47:14.156
wps                9948   4  14  339  18476     0:00:00.312     0:47:12.139
wps                2364   8  14  389  30312     0:00:02.531     0:47:11.987
cmd                3476   8   4  233   7292     0:00:00.484     0:47:09.955
conhost            5700   8   9  483  21464     0:00:23.453     0:47:09.828
msedge             2464   8  19  440  70876     0:00:49.781     0:45:23.720
notepad           10348   8   2  282   3260     0:00:00.578     0:21:14.720
SystemPropertiesComputerName  9524   8   4  271   3336     0:00:12.734     0:18:24.428
audiodg            8820   8   4  210   8916     0:00:02.906     0:13:33.096
msedge            13296   4  18  438  63928     0:00:09.109     0:11:00.545
msedge            12040   4  15  465  86528     0:00:14.562     0:09:45.458
msedge             1464   4  15  271  17796     0:00:00.453     0:09:21.095
msedge             9076   4  16  423  77240     0:00:09.875     0:05:02.881
msedge             9156   8  15  455  64668     0:00:03.859     0:04:32.154
msedge            10636   4  15  425  74264     0:00:08.890     0:03:39.700
mdm                2256   8   6  171   2696     0:00:00.328     0:03:32.150
msedge             1548   4  14  265  16840     0:00:00.187     0:01:21.397
msedge             8400   4  14  228  13220     0:00:00.109     0:01:21.347
svchost            3388   8  10  235   3100     0:00:00.093     0:00:42.720
svchost            5656   8   6  128   1772     0:00:00.031     0:00:35.391
dllhost            6560   8  15  249   6788     0:00:00.171     0:00:35.328
smartscreen        4584   8  13  425   7976     0:00:00.187     0:00:19.511
esif_assist_64     6440   8   5   55   1272     0:00:00.031     0:00:09.602
pslist             7908  13   4  246   3396     0:00:00.406     0:00:00.324








